72 40
16 16
########################################################################
########################################################################
####           ########################################              ###
####           ########################################              ###
#                                                              G       #
# ##                                                                 # #
# ##           ##########  #########  #################              # #
# ##           ##########  #########  #################              # #
# ##           ##########  #########  #################              # #
# #######  ##############  #########  #################              # #
# #######  ##############  #########  #######################  ####### #
# #              ###            #        #          #########  ####### #
# #              ###            #        #          #########  ####### #
# #                                                 #########  ####### #
# #                             #        #          #########  ####### #
# #              ###            #        #          #########  ####### #
# #              ###            #        #          #########  ####### #
# #              ################        ####################  ####### #
# #              ###            #        #          #########  ####### #
# #              ###            #        #          #########  ####### #
# ##################            #        #                     ####### #
#                                                              ####### #
######### ##########            #        #          ################## #
######### ##########            #        #          ################## #
######### #######################        ############################# #
#       # #       ##            #        #          ################## #
#       # #       ##            #        #          ################## #
#         #                                                   ######## #
#       # #       ##            #        #          ########  ######## #
######### ####  ####            #        #          ########  ######## #
#       # #       ##################  ######################  ######## #
#       # #       ##################  ######################           #
#  S              ##                                ########  ##########
#       # #       ##                                ########  ##########
#### #### ##########                                          ##########
#### #### ##########                                          ##########
####                                                ####################
####################                                ####################
########################################################################
########################################################################
